
> zenbourg-admin@1.0.0 build
> next build

  Γû▓ Next.js 14.2.0
  - Environments: .env

   Creating an optimized production build ...
 Γ£ô Compiled successfully
   Linting and checking validity of types ...
node.exe : Failed to compile.
At line:1 char:1
+ & "C:\Program Files\nodejs/node.exe" 
"C:\Users\harsh\AppData\Roaming\ ...
+ ~~~~~~~~~~~~~~~~~~~~~~~~~~~~~~~~~~~~~~~~~~~~~~~~~~~~~~~~~
~~~~~~~~~~~~
    + CategoryInfo          : NotSpecified: (Failed to com 
   pile.:String) [], RemoteException
    + FullyQualifiedErrorId : NativeCommandError
 

./app/api/guest/services/route.ts:15:13
Type error: Type '{ title: any; description: any; type: 
any; priority: any; guestId: string | undefined; status: 
"PENDING"; }' is not assignable to type 
'(Without<ServiceRequestCreateInput, 
ServiceRequestUncheckedCreateInput> & 
ServiceRequestUncheckedCreateInput) | (Without<...> & 
ServiceRequestCreateInput)'.
  Type '{ title: any; description: any; type: any; 
priority: any; guestId: string | undefined; status: 
"PENDING"; }' is not assignable to type 
'Without<ServiceRequestUncheckedCreateInput, 
ServiceRequestCreateInput> & ServiceRequestCreateInput'.
    Type '{ title: any; description: any; type: any; 
priority: any; guestId: string | undefined; status: 
"PENDING"; }' is not assignable to type 
'Without<ServiceRequestUncheckedCreateInput, 
ServiceRequestCreateInput>'.
      Types of property 'guestId' are incompatible.
        Type 'string | undefined' is not assignable to 
type 'undefined'.
          Type 'string' is not assignable to type 
'undefined'.

[0m [90m 13 |[39m[0m
[0m [90m 14 |[39m         [36mawait[39m 
prisma[33m.[39mserviceRequest[33m.[39mcreate({[0m
[0m[31m[1m>[22m[39m[90m 15 |[39m             
data[33m:[39m {[0m
[0m [90m    |[39m             [31m[1m^[22m[39m[0m
[0m [90m 16 |[39m                 title[33m:[39m 
item[33m,[39m[0m
[0m [90m 17 |[39m                 
description[33m,[39m[0m
[0m [90m 18 |[39m                 type[33m:[39m 
category[33m,[39m [90m// Assuming simple string match 
for now or map to enum[39m[0m
